// Jest Snapshot v1, https://goo.gl/fbAQLP

exports[`Tests on <Spinner /> should match with snapshot 1`] = `
<div>
  <div
    class="position-absolute top-50 start-50 translate-middle"
  >
    <div
      class="spinner-border text-primary"
      role="status"
    >
      <span
        class="visually-hidden"
      >
        Loading...
      </span>
    </div>
  </div>
</div>
`;
