// Jest Snapshot v1, https://goo.gl/fbAQLP

exports[`Tests in <PokeCard /> should match with snapshot 1`] = `
<div>
  <div
    class="col-12 col-sm-6 col-lg-3 mt-4"
  >
    <div
      class="card card-img-top"
    >
      <img
        alt="Pokemon Image"
        src="https://chikorita.com/"
      />
      <div
        class="card-body shadow"
      >
        <h4
          class="card-title text-capitalize"
        >
          Chikorita
        </h4>
        <span
          class="card-text"
        >
          Index: 
          57
        </span>
      </div>
    </div>
  </div>
</div>
`;
